[people.auth.gr/pastiadi/index4bed.html]
[backblue.gif]
[fade.gif]
[index.html]
[people.auth.gr/wp-content/uploads/font-awesome/v6.3.0/css/svg-with-js.css]
[use.fontawesome.com/releases/v6.3.0/css/all.css]
[use.fontawesome.com/releases/v6.3.0/css/v4-shims.css]
[people.auth.gr/wp-content/plugins/hide-admin-bar-based-on-user-roles/public/css/hide-admin-bar-based-on-user-roles-public6915.css]
[people.auth.gr/wp-content/themes/hello-elementor-child/assets/css/form4d6f.css]
[people.auth.gr/wp-content/themes/hello-elementor/style.min41fe.css]
[people.auth.gr/wp-content/themes/hello-elementor/theme.min41fe.css]
[people.auth.gr/wp-content/themes/hello-elementor/header-footer.min41fe.css]
[people.auth.gr/wp-content/plugins/elementor/assets/css/frontend.min9c92.css]
[people.auth.gr/wp-content/plugins/elementor/assets/css/widget-image.min9c92.css]
[people.auth.gr/wp-content/plugins/elementor/assets/css/widget-heading.min9c92.css]
[people.auth.gr/wp-content/plugins/elementor/assets/css/widget-icon-box.min9c92.css]
[people.auth.gr/wp-content/plugins/elementor-pro/assets/css/conditionals/popup.min3a05.css]
[people.auth.gr/wp-content/plugins/elementor/assets/lib/eicons/css/elementor-icons.mina862.css]
[people.auth.gr/wp-content/plugins/authpeople/assets/css/style4d6f.css]
[people.auth.gr/wp-content/plugins/authpeople/assets/css/uikit4d6f.css]
[people.auth.gr/wp-content/plugins/authpeople/assets/css/select2.min4d6f.css]
[people.auth.gr/wp-content/plugins/elementor/assets/lib/font-awesome/css/fontawesome.min52d5.css]
[people.auth.gr/wp-content/plugins/elementor/assets/lib/font-awesome/css/solid.min52d5.css]
[people.auth.gr/wp-content/plugins/elementor/assets/lib/font-awesome/css/brands.min52d5.css]
[people.auth.gr/wp-includes/js/jquery/jquery.minf43b.js]
[people.auth.gr/wp-includes/js/jquery/jquery-migrate.min5589.js]
[people.auth.gr/wp-content/plugins/hide-admin-bar-based-on-user-roles/public/js/hide-admin-bar-based-on-user-roles-public6915.js]
[people.auth.gr/wp-content/plugins/authpeople/assets/js/select2.min68b3.js]
[people.auth.gr/wp-content/uploads/2023/02/cropped-users-auth-icon@3x-1-32x32.png]
[people.auth.gr/wp-content/uploads/2023/02/cropped-users-auth-icon@3x-1-192x192.png]
[people.auth.gr/wp-content/uploads/2023/02/cropped-users-auth-icon@3x-1-180x180.png]
[people.auth.gr/wp-content/uploads/2024/05/Pasti_photo_2-1.jpg]
[people.auth.gr/wp-content/plugins/dynamicconditions/Public/js/dynamic-conditions-public93f6.js]
[people.auth.gr/wp-content/themes/hello-elementor/assets/js/hello-frontend.min41fe.js]
[people.auth.gr/pastiadi/index.html]
[people.auth.gr/wp-content/plugins/elementor/assets/js/webpack.runtime.min9c92.js]
[people.auth.gr/wp-content/plugins/elementor/assets/js/frontend-modules.min9c92.js]
[people.auth.gr/wp-includes/js/jquery/ui/core.min0a10.js]
[people.auth.gr/wp-content/plugins/elementor/assets/js/frontend.min9c92.js]
[people.auth.gr/pastiadi/index9ed2.html]
[people.auth.gr/wp-content/plugins/authpeople/assets/js/script8a54.js]
[people.auth.gr/wp-content/plugins/authpeople/assets/js/uikit.min8a54.js]
[people.auth.gr/wp-content/plugins/authpeople/assets/js/readmore.min8a54.js]
[people.auth.gr/wp-content/plugins/elementor-pro/assets/js/webpack-pro.runtime.min3a05.js]
[people.auth.gr/wp-includes/js/dist/hooks.min4ce2.js]
[people.auth.gr/wp-includes/js/dist/i18n.min99af.js]
[people.auth.gr/wp-content/plugins/elementor-pro/assets/js/frontend.min3a05.js]
[people.auth.gr/wp-content/plugins/elementor-pro/assets/js/elements-handlers.min3a05.js]
[people.auth.gr/pastiadi/index4bed.html]
[people.auth.gr/wp-content/uploads/font-awesome/v6.3.0/css/svg-with-js.css]
[use.fontawesome.com/releases/v6.3.0/css/all.css]
[use.fontawesome.com/releases/v6.3.0/css/v4-shims.css]
[people.auth.gr/wp-content/plugins/hide-admin-bar-based-on-user-roles/public/css/hide-admin-bar-based-on-user-roles-public6915.css]
[people.auth.gr/wp-content/uploads/2023/02/new-page-bg-e1676800107345.jpg]
[people.auth.gr/wp-content/themes/hello-elementor-child/assets/css/form4d6f.css]
[people.auth.gr/wp-content/themes/hello-elementor/style.min41fe.css]
[people.auth.gr/wp-content/themes/hello-elementor/theme.min41fe.css]
[people.auth.gr/wp-content/themes/hello-elementor/header-footer.min41fe.css]
[people.auth.gr/wp-content/plugins/elementor/assets/css/frontend.min9c92.css]
[people.auth.gr/wp-content/plugins/elementor/assets/css/widget-image.min9c92.css]
[people.auth.gr/wp-content/plugins/elementor/assets/css/widget-heading.min9c92.css]
[people.auth.gr/wp-content/plugins/elementor/assets/css/widget-icon-box.min9c92.css]
[people.auth.gr/wp-content/plugins/elementor-pro/assets/css/conditionals/popup.min3a05.css]
[people.auth.gr/wp-content/plugins/elementor/assets/lib/eicons/css/elementor-icons.mina862.css]
[people.auth.gr/wp-content/plugins/authpeople/assets/css/style4d6f.css]
[people.auth.gr/wp-content/plugins/authpeople/assets/css/uikit4d6f.css]
[people.auth.gr/wp-content/plugins/authpeople/assets/css/select2.min4d6f.css]
[people.auth.gr/wp-content/plugins/elementor/assets/lib/font-awesome/css/fontawesome.min52d5.css]
[people.auth.gr/wp-content/plugins/elementor/assets/lib/font-awesome/css/solid.min52d5.css]
[people.auth.gr/wp-content/plugins/elementor/assets/lib/font-awesome/css/brands.min52d5.css]
[people.auth.gr/pastiadi/index.html]
[people.auth.gr/pastiadi/index9ed2.html]
